// Jest Snapshot v1, https://goo.gl/fbAQLP

exports[`Connecting component is displaying 1`] = `
<DocumentFragment>
  <div>
    Please wait while we secure a connection to Darkwire...
  </div>
</DocumentFragment>
`;
