// Jest Snapshot v1, https://goo.gl/fbAQLP

exports[`Notice component is displaying 1`] = `
<DocumentFragment>
  <div>
    <div
      class="warning"
    >
      <div>
        Hello world
      </div>
    </div>
  </div>
</DocumentFragment>
`;
