// Jest Snapshot v1, https://goo.gl/fbAQLP

exports[`Username component is displaying 1`] = `
<DocumentFragment>
  <span
    class="username"
    style="color: rgb(157, 242, 249);"
  >
    paul
  </span>
</DocumentFragment>
`;
