// Jest Snapshot v1, https://goo.gl/fbAQLP

exports[`RoomLockedÂ component should display 1`] = `
<DocumentFragment>
  <div>
    test
  </div>
</DocumentFragment>
`;
