// Vitest Snapshot v1

exports[`RoomLockedÂ component should display 1`] = `
<DocumentFragment>
  <div>
    test
  </div>
</DocumentFragment>
`;
