// Jest Snapshot v1, https://goo.gl/fbAQLP

exports[`Message component is displaying 1`] = `
<DocumentFragment>
  <div>
    <div
      class="chat-meta"
    >
      <span
        class="username"
        style="color: rgb(131, 239, 135);"
      >
        linus
      </span>
      <span
        class="muted timestamp"
      >
        7:44 PM
      </span>
    </div>
    <div
      class="chat"
    >
      <span
        class="Linkify"
      >
        we come in peace
      </span>
    </div>
  </div>
</DocumentFragment>
`;
